// Jest Snapshot v1, https://goo.gl/fbAQLP

exports[`renders backend ok when health.ok = true 1`] = `
<Text>
  backend ok
</Text>
`;
